11
1 90
91 180
181 270
271 360
361 450
451 540
541 630
631 720
721 810
811 900
901 1000
125.7200889 15.72008894
